border_size=1
usage=map

Gs^Fp       , Gs^Fp       , Gs^Fms      , Gs^Fp       , Gs^Fms      , Gs^Fp       , Gg          , Gg          , Gg          , Gg          , Gg          , Gg          , Gg          , Re          , Gg          , Gg          , Gg          , Gg          , Gg          , Gg          , Gg          , Gg          , Gg          , Gg          , Gg          , Gs^Fp       , Gs^Fms      , Ww          , Ww          , Gs^Fp       , Gg          , Gs^Fp       , Gg          , Gg          , Gg          , Gg          , Gg          , Gg          , Gg          , Gs^Fds      , Gs^Fds      , Gs^Fds      , Gg          , Gg          , Gg          , Gg          , Gg          , Gg          , Gs^Fds      , Gg          , Gs^Fds      , Gs^Fds      , Gs^Fds      , Gs^Fds      , Gs^Fds      , Gs^Fds      , Gs^Fds      , Gs^Fds      , Gs^Fds      , Gs^Fds      , Gs^Fds      , Gs^Fds      
Gs^Fp       , Gs^Fp       , Gg          , Gg          , Gg          , Gg          , Gg          , Gg          , Re^Gvs      , Re^Gvs      , Re^Gvs      , Gg          , Gg          , Re          , Gg          , Gg          , Gg          , Gg          , Gg          , Gg          , Gg          , Gg          , Gg          , Gg          , Gg          , Gs^Fp       , Gs^Fp       , Gs^Fp       , Ww          , Gs^Fms      , Gg^Vh       , Gs^Fp       , Gg          , Gg          , Gg          , Gg          , Gg          , Gs^Fds      , Gg          , Gs^Fds      , Gs^Fds      , Gs^Fds      , Gg          , Gg          , Gg          , Gg          , Gg          , Gg          , Gs^Fds      , Gg          , Gs^Fds      , Gs^Fds      , Gs^Fds      , Gs^Fds      , Gs^Fds      , Gs^Fds      , Gs^Fds      , Gs^Fds      , Gg          , Gs^Fds      , Gg          , Gs^Fds      
Gs^Fp       , Gs^Fms      , Gg          , Gg          , Gg          , Gg          , Gg          , Re^Gvs      , Re^Gvs      , Re^Gvs      , Re^Gvs      , Gg          , Re          , Re          , Gg          , Gg          , Gg          , Gg          , Hh          , Hh          , Hh          , Hh          , Gg^Vh       , Gg          , Gg          , Gs^Fms      , Gs^Fms      , Gs^Fp       , Gs^Fms      , Gs^Fp       , Gs^Fms      , Gs^Fms      , Gs^Fms      , Gg          , Gg          , Gg          , Gg          , Gg          , Gg          , Gg          , Gg          , Gg^Vh       , Hh          , Gg          , Gg          , Gg          , Gg          , Gg          , Gg          , Gs^Fds      , Gs^Fds      , Gs^Fds      , Gg          , Gs^Fds      , Gg          , Gg          , Gg          , Gg          , Gg          , Gg          , Gg          , Gg          
Gg          , Gg          , Gg          , Gg          , Gg          , Gg          , Re^Gvs      , Re^Gvs      , Re^Gvs      , Re^Gvs      , Gg          , Gg          , Re          , Gg          , Gg          , Gg          , Gg          , Gg          , Gg          , Hh          , Gg          , Hh          , Gg          , Gg          , Gg          , Gg          , Gg          , Gs^Fp       , Gg          , Gs^Fp       , Gs^Fp       , Gg          , Gs^Fp       , Gs^Fp       , Gg          , Gg          , Gg          , Gg          , Gg          , Gg          , Gg          , Gg          , Hh          , Gg          , Gg          , Gg          , Gg          , Gg          , Gg          , Gg^Vh       , Gs^Fds      , Gs^Fds      , Gg          , Gg          , Gg          , Gg          , Gg          , Gg          , Gg          , Gg          , Gg          , Gg          
Gg          , Gg          , Gg          , Gg          , Gg          , Re^Gvs      , Re^Gvs      , Re^Gvs      , Re^Gvs      , Re^Gvs      , Gg          , Gg          , Re          , Gg          , Gg          , Gg          , Gg          , Re^Vct      , Ce          , Re^Vct      , Gg          , Gg          , Gg          , Gg          , Gg          , Gg          , Gg          , Gg          , Gg          , Gg          , Gg          , Gg          , Gg          , Gs^Fp       , Gg          , Gg          , Gg          , Gg          , Gg          , Re^Vct      , Ce          , Hh          , Ce          , Hh          , Hh          , Gg          , Gg          , Gg          , Gg          , Gg          , Gg          , Gg          , Gg          , Gg          , Gg          , Gs^Fds      , Hh^Fds      , Gs^Fds      , Gs^Fds      , Gg          , Gg          , Gg          
Gg          , Gg          , Gg          , Gg          , Gg          , Gg          , Gg          , Gg          , Gg          , Gg          , Gg          , Gg          , Gg          , Re          , Hh          , Hh          , Re^Vct      , Ce          , 7 Ke        , Ce          , Re^Vct      , Gg          , Gg          , Gg          , Gg          , Gg          , Gg          , Gg          , Hh          , Gg          , Gg          , Gg          , Gg          , Gg          , Gg          , Hh          , Hh          , Gg          , Hh          , Ce          , Ce          , 4 Ke        , Ce          , Hh          , Gg          , Gg          , Gg          , Gs^Fds      , Gg          , Gg          , Gg          , Gg          , Gg          , Gg          , Gs^Fds      , Hh^Fds      , Hh^Fds      , Hh^Fds      , Gs^Fds      , Gg          , Gg          , Gg          
Gg          , Gg          , Gg          , Gg          , Gg          , Gg          , Gg          , Gg          , Gg          , Gg          , Gg          , Gg          , Gg^Vh       , Re          , Gg          , Gg          , Gg          , Ce          , Ce          , Ce          , Gg          , Gg          , Gg          , Gg          , Gg          , Gg          , Gg          , Hh          , Gg          , Hh          , Gg          , Gg          , Gg          , Gg          , Gg          , Gs^Fds      , Gg^Vh       , Hh          , Gg          , Hh          , Re^Vct      , Ce          , Re^Vct      , Re^Vct      , Gg          , Gg          , Gg          , Gg          , Gg          , Gg          , Gg          , Gg          , Gg          , Gg          , Gs^Fds      , Hh^Fds      , Hh^Fds      , Hh^Fds      , Gs^Fds      , Gg          , Gg          , Gg          
Gg          , Gg          , Gg          , Gg          , Re^Gvs      , Re^Gvs      , Re^Gvs      , Gg          , Gg          , Gg          , Gg          , Gg          , Re          , Re          , Gg          , Gg          , Gg          , Re^Vct      , Gg          , Re^Vct      , Gg          , Gg          , Gg          , Gg          , Gg          , Gg          , Gg          , Gg          , Gg          , Gg          , Gg          , Gg          , Gg          , Gg          , Gs^Fds      , Gs^Fds      , Gs^Fds      , Gs^Fds      , Gg          , Gs^Fds      , Gg          , Gg          , Gg          , Gg          , Gg^Vh       , Gg          , Gg          , Gg          , Gg          , Gg          , Gg          , Gg          , Gg          , Gg          , Gg          , Gs^Fds      , Gs^Fds      , Gs^Fds      , Gg          , Gg          , Gg          , Gg          
Gg          , Gg          , Re^Gvs      , Re^Gvs      , Re^Gvs      , Re^Gvs      , Re^Gvs      , Gg          , Gg          , Gg          , Gg          , Gg          , Re          , Gg          , Gg          , Gg          , Gg          , Gg          , Gg          , Gg          , Gg          , Gg          , Gg          , Gg          , Gg          , Gg          , Gg          , Gg          , Gs^Fds      , Gg          , Gs^Fds      , Gg          , Gs^Fds      , Gs^Fds      , Gs^Fds      , Gg          , Gg          , Gg          , Gg          , Gg          , Gg          , Gg          , Gg          , Gg          , Gg          , Gg          , Gg          , Gg          , Gg^Vh       , Gg          , Gg          , Gg          , Gg          , Gg          , Gg          , Gs^Fds      , Gg          , Gg          , Gg          , Gg          , Gg          , Gg          
Gg          , Gg          , Re^Gvs      , Re^Gvs      , Gg          , Re^Gvs      , Re^Gvs      , Gg          , Gg          , Gg          , Gg          , Gg          , Gg          , Re          , Re          , Gg          , Gg          , Gg          , Gg          , Gg          , Gg          , Gg          , Gs^Fds      , Gg^Vh       , Gs^Fds      , Gg          , Gg          , Gg          , Gg          , Gs^Fds      , Gg          , Gg^Vh       , Gg          , Gg^Vh       , Gs^Fds      , Gs^Fds      , Gg          , Gg          , Gg          , Gg          , Gg          , Gg          , Gg          , Gg          , Hh          , Gg          , Gg          , Gg          , Gg          , Gg          , Gg          , Gg          , Gg          , Gg          , Gg          , Gg          , Gg          , Gs^Fds      , Gg          , Gg          , Gg          , Gg          
Gg          , Gg          , Gg          , Re^Gvs      , Gg          , Re^Gvs      , Gg          , Gg          , Gg          , Gg          , Gg          , Gg          , Gg          , Gg          , Re          , Gg          , Gg          , Gg          , Gg          , Gg          , Gg^Vh       , Gg          , Gs^Fds      , Gs^Fds      , Gg          , Gg          , Re          , Gg          , Rr          , Gg          , Rr          , Rr          , Gg          , Gg          , Gs^Fds      , Gg          , Gg          , Gg          , Gg          , Gg          , Gg          , Gg          , Hh          , Hh          , Gg^Vh       , Hh          , Gg          , Gg          , Hh          , Hh          , Gg          , Gg          , Gg          , Gg          , Gg          , Gg          , Gg          , Gg          , Gg^Vh       , Gg          , Gg          , Gg          
Gg          , Gg          , Gg          , Gg          , Gg          , Gg          , Gg          , Gg          , Gg          , Gg          , Gg          , Gg          , Gg          , Gg          , Gg          , Re          , Gg          , Gg          , Gg          , Gg          , Gg          , Gs^Fds      , Gg          , Gg          , Re          , Re          , Mm^Xm       , Re          , Ww          , Rr          , Ww^Bw|      , Rr          , Rr          , Gs^Fds      , Mm^Xm       , Gs^Fds      , Rr          , Gs^Fds      , Gs^Fds      , Gg          , Gg          , Gg          , Gg          , Hh          , Hh          , Gg          , Hh          , Gg          , Gg^Vh       , Hh          , Gg          , Gg          , Gg          , Gg          , Gs^Fds      , Gg          , Gg          , Gg          , Gg          , Gg          , Gg          , Gg          
Gg          , Gg^Vh       , Gg          , Gg          , Gg          , Gg          , Gg          , Gg          , Gg          , Gg          , Gg          , Gg          , Gg          , Gg          , Gg          , Re          , Re          , Gg          , Gg          , Gg          , Gg          , Gs^Fds      , Gg          , Re          , Mm^Xm       , Mm          , Ch          , Mm^Xm       , Mm          , Hh          , Ce          , Hh          , Mm          , Mm^Xm       , Ch          , Mm^Xm       , Mm^Xm       , Rr          , Gs^Fds      , Gg          , Gg          , Gg          , Gg          , Gg          , Gg          , Gg          , Gg          , Gg          , Gg          , Hh          , Gg          , Gg          , Gg          , Gg          , Gs^Fds      , Gs^Fds      , Gs^Fds      , Gg          , Gg          , Gg          , Gg          , Gg          
Gg          , Gg          , Gg          , Gg          , Gg          , Gg          , Gg          , Gg          , Gg          , Gg          , Gg          , Gg          , Gg          , Gg          , Gg          , Gg          , Re          , Gg          , Gg          , Gg          , Gg          , Gg          , Gg          , Re          , Mm^Xm       , Ch          , Rr          , Ch          , Rr          , Ce          , Rr          , Ce          , Rr          , Ch          , Rr          , Ch          , Mm^Xm       , Rr          , Gg          , Gg          , Gg          , Gg          , Gg          , Gg          , Gg          , Gg          , Gs^Fds      , Gg          , Gg          , Gg          , Gg          , Gg          , Gg          , Gg          , Gg          , Gs^Fds      , Gg          , Gg          , Gs^Fds      , Gg          , Gg          , Gg          
Gg          , Gg          , Gg          , Gg          , Gg          , Hh          , Hh          , Hh          , Hh          , Gg          , Hh          , Hh          , Hh          , Gg          , Gg          , Gg          , Re          , Gg          , Gg          , Gg          , Rr          , Gg          , Gg          , Rr          , Mm^Xm       , Ch          , Ch          , Ch          , Rr          , Rr          , Ch          , Rr          , Rr          , Ch          , Ch          , Ch          , Mm^Xm       , Rr          , Rr          , Gg          , Gg          , Gg          , Gg          , Gg          , Gg          , Gs^Fds      , Gg          , Gs^Fds      , Gg          , Gg          , Gg          , Gg          , Gg          , Gg          , Gg          , Gg          , Gg          , Gs^Fds      , Gs^Fds      , Gs^Fds      , Gg          , Gg          
Gg          , Gg          , Gg          , Gg          , Hh          , Hh          , Hh          , Hh          , Hh          , Hh          , Hh          , Hh          , Hh          , Gg          , Gg          , Gg          , Gg          , Re          , Rr          , Rr          , Gg          , Rr          , Gg          , Rr          , Gs^Fds      , Mm          , Rr          , Rr          , Ch          , Ch          , Mm          , Ch          , Ch          , Rr          , Rr          , Mm          , Ww^Bw/      , Rr          , Gg          , Rr          , Rr          , Gg          , Gg          , Gg          , Gg          , Gg          , Gg          , Gs^Fds      , Gg          , Gg          , Gg          , Gg          , Gg          , Gg          , Gg          , Gg          , Gg          , Gs^Fds      , Hh^Fds      , Hh^Fds      , Gs^Fds      , Gg          
Gg          , Gg          , Gg          , Gg          , Hh          , Hh          , Gg          , Gg^Vh       , Gg          , Gg          , Gg          , Gg          , Gg          , Gg          , Gg          , Gg          , Gg          , Gg^Vh       , Re          , Gg          , Gg          , Rr          , Rr          , Rr          , Ww^Bw\      , Hh          , Rr          , Rr          , 1 Kh        , Mm          , Mm^Xm       , Mm          , 2 Kh        , Rr          , Rr          , Ce          , Ww          , Rr          , Gg          , Gg          , Gg          , Rr          , Rr          , Re          , Re          , Gg          , Gg          , Gg          , Gg          , Gg          , Gg          , Gg          , Gg          , Gg          , Gg          , Gg          , Gg          , Gg          , Gs^Fds      , Hh^Fds      , Gg          , Gg          
Gg          , Gg          , Gg          , Gg          , Gg          , Hh          , Gg          , Gg          , Gg          , Gg          , Gg          , Gg          , Gg          , Gg          , Re          , Gg          , Re          , Re          , Gg          , Gg          , Gs^Fds      , Gg          , Rr          , Ww          , Hh          , Ce          , Rr          , Rr          , Ch          , Mm          , Mm          , Mm          , Ch          , Rr          , Rr          , Ce          , Ww^Bw\      , Rr          , Gg          , Gg          , Rr          , Rr          , Re          , Re          , Re          , Re          , Re          , Gg^Vh       , Hh          , Gg          , Gg          , Gg          , Hh          , Gg          , Hh          , Gg          , Gg          , Gg          , Gg          , Gs^Fds      , Gg          , Gg          
Gg          , Gg          , Gg          , Gg          , Gg          , Gg          , Gg          , Gg          , Gg          , Gg          , Gg          , Gg          , Re          , Re          , Gg          , Re          , Gg          , Gg          , Gg          , Gg          , Gg          , Gg          , Re          , Gs^Fds      , Mm          , Mm          , Ch          , Rr          , Rr          , Ch          , Ch          , Ch          , Rr          , Rr          , Ch          , Mm          , Mm^Xm       , Rr          , Rr          , Rr          , Gg          , Gg          , Gg          , Gg          , Gg          , Re          , Re          , Gg          , Gg^Vh       , Hh          , Hh          , Hh          , Gg          , Hh          , Gg          , Gg          , Re^Vct      , Gg          , Re^Vct      , Gg          , Gg          , Gg          
Gg          , Gg          , Gg          , Gg          , Gg          , Gg          , Gg          , Gg          , Re          , Gg          , Re          , Re          , Gg          , Gg          , Gg          , Gg          , Gg          , Gg          , Gg          , Gg          , Gg          , Gg          , Re          , Gs^Fds      , Mm^Xm       , Ch          , Rr          , Ch          , Rr          , Rr          , Rr          , Rr          , Rr          , Ch          , Rr          , Ch          , Mm          , Gs^Fds      , Rr          , Gg          , Gg          , Gg          , Gg          , Gg          , Gg          , Re          , Re          , Re          , Re          , Gg          , Gg          , Gg          , Gg          , Gg          , Gg          , Gg          , Ce          , Ce          , Ce          , Gg          , Gg          , Gg          
Gg          , Gg          , Gg          , Gg          , Gg          , Gg          , Re          , Re          , Gg          , Re          , Gg          , Gg          , Gg          , Gg          , Gg          , Gg          , Gg          , Gg          , Gs^Fds      , Gg          , Gs^Fds      , Gg          , Gg          , Re          , Mm^Xm       , Ch          , Ch          , Ch          , Mm          , Ce          , Ce          , Ce          , Mm          , Ch          , Ch          , Ch          , Mm^Xm       , Rr          , Gg          , Gg          , Gg          , Gs^Fds      , Gg          , Gg          , Gg          , Gg          , Gs^Fds      , Re          , Re          , Gg          , Gg          , Gg          , Gg          , Gg          , Gg          , Re^Vct      , Ce          , 9 Ke        , Ce          , Re^Vct      , Gs^Fds      , Gg          
Gg          , Gg          , Gg          , Gg          , Re          , Re          , Gg          , Gg          , Gg          , Gg          , Gg          , Gg          , Gg          , Gg          , Gg          , Gg          , Gg          , Gs^Fds      , Gg          , Gs^Fds      , Gg^Vh       , Gs^Fds      , Gg          , Re          , Re          , Mm^Xm       , Mm^Xm       , Mm^Xm       , Gs^Fds      , Mm          , Ww^Bw|      , Mm          , Ww          , Mm^Xm       , Mm^Xm       , Mm^Xm       , Re          , Re          , Gs^Fds      , Gg          , Gg          , Gg          , Gg          , Gg          , Gg          , Hh          , Gs^Fds      , Re          , Re          , Re          , Gg          , Gg          , Gg          , Gg          , Gg          , Gg          , Re^Vct      , Ce          , Re^Vct      , Gg          , Gs^Fds      , Gs^Fds      
Gg          , Gg          , Re^Vct      , Re^Vct      , Ce          , Gg          , Gg          , Gg          , Gg          , Gg          , Gg          , Gg          , Gg          , Gg          , Gg          , Gs^Fds      , Gg          , Gg          , Gs^Fds      , Gg          , Gs^Fds      , Gs^Fds      , Gs^Fds      , Gg          , Gg          , Re          , Re          , Rr          , Rr          , Rr          , Rr          , Ww          , Rr          , Ww          , Re          , Re          , Gs^Fds      , Gs^Fds      , Gs^Fds      , Gg          , Gg          , Gg          , Gg          , Gg          , Gg          , Hh          , Hh          , Gs^Fds      , Re          , Re          , Gg          , Gg          , Gg          , Gg          , Re          , Gg          , Re          , Gg          , Gg          , Gg          , Gg          , Gs^Fds      
Gg          , Gg          , Re^Vct      , 8 Ke        , Ce          , Re^Vct      , Gg          , Gg          , Gg          , Gg          , Gg          , Gg          , Gg          , Gg          , Gg          , Gs^Fds      , Gs^Fds      , Gg          , Gs^Fds      , Gg^Vh       , Gs^Fds      , Gs^Fds      , Gs^Fds      , Gs^Fds      , Gg          , Gg          , Gg          , Gg          , Gg          , Gg          , Rr          , Rr          , Gg          , Rr          , Gg          , Gg          , Gg          , Gg^Vh       , Gg          , Gg          , Gg          , Gg          , Gg          , Gg          , Gg          , Gg          , Gg          , Gg          , Re          , Re          , Re          , Re          , Re          , Re          , Re          , Re          , Re          , Re          , Re          , Gg          , Gg          , Gg          
Gg          , Re          , Gg          , Ce          , Re^Vct      , Gg          , Gg          , Gg          , Gg          , Gg          , Gg          , Gg          , Gg          , Gg          , Gg          , Gg          , Gg          , Gg          , Gg          , Gs^Fds      , Gg          , Gg          , Gs^Fds      , Gg          , Gg          , Gg          , Gg          , Gg          , Gg          , Gg          , Rr          , Gg          , Gg          , Gg          , Gg          , Gg          , Gg          , Gg          , Gg          , Gg          , Gg          , Gg          , Gg^Vh       , Gg          , Gg          , Gg          , Gg          , Gg          , Gg          , Re          , Re          , Re          , Re          , Re          , Gg          , Re          , Gg          , Re          , Re          , Re          , Re          , Gg          
Gg          , Re          , Gg          , Gg          , Gg          , Gg          , Gg          , Gg          , Re^Gvs      , Gg          , Gg          , Gg          , Gg          , Gg          , Hh          , Hh          , Gg          , Gg          , Gg          , Gg          , Gg          , Gg          , Gs^Fds      , Gg          , Gg          , Gg^Vh       , Gg          , Gg          , Gg          , Rr          , Gg          , Gg          , Gg          , Gg          , Gg          , Gg          , Gg          , Gg          , Gg          , Gg          , Gg          , Gg          , Gg          , Gg          , Gg          , Gg          , Gg          , Gg          , Gg          , Gg          , Gg          , Gg          , Gg          , Gg          , Gg          , Gg          , Gg          , Gg          , Gg          , Re          , Re          , Re          
Gg          , Re          , Gg          , Gg          , Gg          , Gg          , Re^Gvs      , Re^Gvs      , Re^Gvs      , Re^Gvs      , Gg          , Gg          , Gg          , Gg          , Gg          , Hh          , Gg          , Gg          , Gg          , Gg          , Gg          , Gg          , Gg          , Gg          , Gg          , Gg          , Gg          , Gg          , Gg          , Rr          , Gg          , Gg          , Gg          , Gg          , Gg          , Gg          , Gg          , Gg          , Gg          , Gg          , Gg          , Gg          , Gg          , Gg          , Gg          , Gg          , Gs^Fds      , Gg          , Gg          , Gg          , Gg          , Gg          , Gg          , Gg          , Gg          , Gg          , Gg          , Gg          , Gg          , Gg          , Gg          , Re          
Re          , Re          , Gg          , Gg          , Gg          , Re^Gvs      , Re^Gvs      , Re^Gvs      , Re^Gvs      , Re^Gvs      , Gg          , Gg          , Gg          , Gg          , Re^Gvs      , Gg          , Gg          , Gg          , Gg          , Gg          , Gg          , Gg          , Gg          , Gg          , Gg          , Gg          , Gg          , Gg          , Re          , Re          , Gg          , Gg          , Gg          , Gg          , Gg          , Gg          , Gg          , Gg          , Gg          , Gg          , Gg          , Gg          , Gg          , Gg          , Gs^Fds      , Gs^Fds      , Gg          , Gg          , Gg          , Gg          , Gg          , Gg          , Gg          , Gg          , Gg          , Gg          , Gg          , Gg          , Gg          , Gg          , Gg          , Gg          
Gg          , Gg          , Gg          , Gg          , Gg          , Gg          , Gg          , Gg          , Gg          , Gg          , Gg          , Gg          , Gg          , Re^Gvs      , Re^Gvs      , Gg          , Gg          , Gg^Vh       , Gg          , Gg          , Ce          , Re^Vct      , Re^Vct      , Gg          , Gg          , Gg          , Gg          , Re          , Gg          , Gg          , Gg          , Gg          , Gg          , Gg          , Gg          , Gg          , Re^Gvs      , Gg          , Gg          , Gg          , Gg          , Gg          , Gg          , Gg          , Gs^Fds      , Gg          , Gg^Vh       , Gg          , Gg          , Gg          , Gg          , Gg          , Gg          , Gg          , Gs^Fds      , Gg          , Gs^Fds      , Gg          , Gg          , Gg          , Gg          , Gg          
Gg          , Gg          , Gg          , Gg          , Gg          , Gg          , Gg          , Gg          , Gg          , Gg          , Gg          , Gg          , Gg          , Re^Gvs      , Gg          , Gg          , Gg          , Gg          , Gg          , Ce          , Re^Vct      , 6 Ke        , Ce          , Gg          , Gg          , Gg          , Gg          , Re          , Gg          , Gs^Fds      , Gs^Fds      , Gg          , Gg          , Gg          , Gg^Vh       , Re^Gvs      , Re^Gvs      , Gg          , Gg          , Gg          , Gg          , Gg          , Gg          , Gg          , Gg          , Gg          , Gg          , Gg          , Gg          , Gg          , Gg          , Gg          , Gg          , Gs^Fds      , Hh^Fds      , Hh^Fds      , Hh^Fds      , Gs^Fds      , Gs^Fds      , Gg          , Gg          , Gg          
Gg          , Gg          , Gg          , Gg          , Re^Gvs      , Gg          , Gg          , Gg          , Gg          , Gg          , Gg          , Gg          , Gg          , Gg          , Gg          , Gg          , Gg          , Gg          , Gg          , Ce          , Ce          , Re^Vct      , Gg          , Gg          , Gg^Vh       , Gg          , Gg          , Re          , Re          , Gg          , Gs^Fds      , Gs^Fds      , Gg          , Gs^Fds      , Gg          , Re^Gvs      , Gg          , Gg          , Gg          , Gg          , Gg          , Gg          , Re^Vct      , Gg          , Ce          , 5 Ke        , Ce          , Re^Vct      , Gg          , Gg          , Gg          , Gg          , Gg          , Gs^Fds      , Gs^Fds      , Hh^Fds      , Gg          , Hh^Fds      , Gs^Fms      , Gs^Fds      , Gg          , Gg          
Gg          , Gg          , Re^Gvs      , Re^Gvs      , Re^Gvs      , Re^Gvs      , Re^Gvs      , Gg          , Gg          , Gg          , Gs^Fds      , Gg          , Gg          , Gg          , Re^Gvs      , Gg          , Re^Gvs      , Gg          , Re^Gvs      , Gg          , Gg          , Gg          , Gg          , Gg          , Gg          , Gg          , Gg          , Gg          , Re          , Gg          , Gs^Fds      , Gs^Fds      , Gs^Fds      , Gs^Fds      , Gg          , Gg          , Gg          , Gg          , Gg          , Gg          , Gg          , Ce          , Ce          , Ce          , Re^Vct      , Ce          , Re^Vct      , Gg          , Gg^Vh       , Gg          , Gg          , Gg          , Gg          , Gg          , Gs^Fds      , Gs^Fds      , Gg          , Gg^Vh       , Gg          , Hh^Fds      , Gg          , Gg          
Gg          , Gg          , Gg          , Gg          , Gg          , Re^Gvs      , Gg          , Gg          , Gg          , Gs^Fds      , Gs^Fds      , Gs^Fds      , Gg          , Re^Gvs      , Re^Gvs      , Re^Gvs      , Re^Gvs      , Re^Gvs      , Re^Gvs      , Re^Gvs      , Gg          , Gg          , Gg          , Gg          , Gg          , Gg          , Gg          , Gg          , Re          , Gg          , Gg          , Gg          , Gs^Fds      , Gs^Fds      , Gs^Fds      , Hh          , Gg          , Gg          , Gg          , Gg          , Gg          , Gg          , Gg          , Gg          , Gg^Vh       , Gg          , Gg          , Gg          , Gg          , Gg          , Gg          , Gg          , Gg          , Gs^Fds      , Hh^Fds      , Hh^Fds      , Gs^Fms      , Gg          , Gg          , Gg          , Gg          , Gg          
Gg          , Gg          , Gg          , Gg          , Re^Gvs      , Re^Gvs      , Re^Gvs      , Gg          , Gg          , Gs^Fds      , Gs^Fds      , Gs^Fds      , Gg          , Gg          , Gg          , Gg          , Gg          , Gg          , Gg          , Gg          , Gg          , Gg          , Gg          , Gg          , Gg          , Gg          , Gg          , Gg          , Re          , Gg          , Gg          , Gg          , Gg          , Gg          , Gg          , Hh          , Gg          , Gg          , Gg          , Gg          , Gs^Fds      , Gs^Fds      , Gs^Fds      , Gg          , Gg          , Gg          , Re^Gvs      , Re^Gvs      , Re^Gvs      , Gg          , Gg          , Gg          , Gg          , Gs^Fds      , Gs^Fds      , Hh^Fds      , Hh^Fds      , Gs^Fms      , Gg          , Gg          , Gg          , Gg          
Gg          , Gg          , Gg          , Re^Gvs      , Re^Gvs      , Re^Gvs      , Re^Gvs      , Gg          , Gg          , Gs^Fds      , Gs^Fds      , Gs^Fds      , Gg          , Gg          , Gg          , Gg          , Gg          , Gg          , Gs^Fds      , Gg          , Gs^Fds      , Gg          , Gg          , Gg          , Gg          , Gg          , Gg          , Gg          , Gg          , Re          , Re          , Gg          , Gg          , Gg          , Gg          , Gg          , Gg          , Gg          , Gg          , Gs^Fds      , Gs^Fds      , Gs^Fds      , Gs^Fds      , Gg          , Gg          , Gg          , Re^Gvs      , Re^Gvs      , Gg          , Gg          , Gg          , Gg          , Gg          , Gg          , Gg          , Gs^Fds      , Gg          , Gg          , Gg          , Gg          , Gg          , Gg          
Gg          , Gg          , Gg          , Re^Gvs      , Gg          , Gg          , Re^Gvs      , Re^Gvs      , Gg          , Gs^Fds      , Gs^Fds      , Gs^Fds      , Gg          , Gg          , Gg          , Gg          , Gs^Fds      , Gs^Fds      , Gs^Fds      , Gs^Fds      , Hh          , Gs^Fds      , Gs^Fds      , Gg          , Gg          , Gg          , Gg          , Gg          , Gg          , Gg          , Gg          , Re          , Re          , Gg          , Gg          , Gg          , Gg          , Gg          , Gg          , Gs^Fds      , Gg          , Gg          , Gs^Fds      , Gs^Fds      , Gg          , Re^Gvs      , Re^Gvs      , Re^Gvs      , Gg          , Gg          , Gg          , Gg          , Gg          , Gg          , Gg          , Gg          , Gg          , Gg          , Gs^Fms      , Gg          , Gg          , Gg          
Gg          , Gg          , Gg          , Gg          , Gg          , Re^Gvs      , Re^Gvs      , Gg          , Gg          , Gg          , Gg          , Gg          , Gg          , Gg          , Gg^Vh       , Gs^Fds      , Hh^Fds      , Hh^Fds      , Gs^Fds      , Gs^Fds      , Hh          , Gs^Fds      , Gs^Fds      , Gg          , Gs^Fds      , Gg          , Gs^Fds      , Gg          , Gg          , Gg          , Gg          , Gg          , Re          , Gg          , Gg          , Gg          , Gg          , Gg          , Gg          , Gs^Fds      , Gg^Vh       , Gg          , Gs^Fds      , Gg          , Gg          , Gg          , Gg          , Gg          , Gg          , Gg          , Gs^Fds      , Gs^Fms      , Gs^Fms      , Gg          , Gs^Fms      , Gs^Fms      , Gs^Fms      , Gs^Fms      , Gs^Fms      , Gs^Fms      , Gs^Vht      , Gg          
Gg          , Gg          , Gg          , Gg          , Gg          , Gg          , Gg          , Gg          , Gg          , Gg          , Gg          , Gg          , Gg          , Gg          , Gs^Fds      , Hh          , Hh^Fds      , Hh^Fds      , Hh          , Gg^Vh       , Gs^Fds      , Hh          , Gs^Fds      , Gs^Fds      , Gs^Fds      , Gs^Fds      , Gs^Fds      , Gg          , Gs^Fds      , Gs^Fds      , Gs^Fds      , Gg          , Re          , Gg          , Gg          , Gg          , Gg          , Gg          , Gg          , Gs^Fds      , Gs^Fds      , Gs^Fds      , Gg          , Gg          , Gg          , Gg          , Gg          , Gg          , Gg          , Gs^Fds      , Gs^Fds      , Gs^Fms      , Gs^Fds      , Gs^Fms      , Gs^Fms      , Gs^Fms      , Gs^Fms      , Gs^Fms      , Hh^Fds      , Gs^Fms      , Gs^Fms      , Gs^Fms      
Gg          , Gg          , Gg          , Gg          , Gg          , Gg          , Gg          , Gg          , Gg          , Gg          , Hh          , Hh          , Hh^Fds      , Gs^Fds      , Hh^Fds      , Gs^Fds      , Gs^Fds      , Hh          , Gs^Fds      , Gs^Fds      , Hh          , Gs^Fds      , Gs^Fds      , Gs^Fds      , Gs^Fds      , Gg          , Gg          , Gs^Fds      , Gs^Fds      , Gs^Fds      , Gg          , Gs^Fds      , Re          , Gg          , Gs^Fds      , Gs^Fds      , Gg          , Gg          , Gg          , Gg          , Gg          , Gg          , Gg          , Gg          , Gg          , Gg          , Gg          , Gg          , Gs^Fds      , Gs^Fms      , Gg          , Gg          , Gg          , Gs^Fds      , Gs^Fds      , Gs^Fds      , Gs^Fds      , Gs^Fds      , Gs^Fms      , Gs^Fms      , Gs^Fp       , Gs^Fp       
Gg          , Gg          , Re^Gvs      , Gg^Vh       , Gg          , Gg          , Gg          , Gg          , Gg          , Hh^Fds      , Gs^Fds      , Hh^Fds      , Hh^Fds      , Hh          , Hh^Fds      , Hh^Fds      , Gs^Fds      , Gs^Fds      , Hh^Fds      , Hh^Fds      , Hh^Fds      , Gs^Fds      , Gg          , Gs^Fds      , Gg          , Gg          , Gg          , Gg          , Gg          , Gg          , Gg          , Gg^Vh       , Re          , Gs^Fds      , Gs^Fds      , Gg          , Gg          , Gg          , Gg          , Gg          , Gg          , Gg          , Gs^Fds      , Gs^Fds      , Gg          , Gs^Fms      , Gs^Fms      , Gg          , Gs^Fms      , Gs^Fms      , Gs^Fp       , Gs^Fp       , Gs^Fp       , Gs^Fds      , Gs^Fds      , Gs^Fds      , Gs^Fds      , Gs^Fms      , Gs^Fds      , Gs^Fms      , Gs^Fp       , Gs^Fp       
Gg          , Re^Gvs      , Re^Gvs      , Re^Gvs      , Gg          , Gg          , Gg          , Gg          , Hh^Fds      , Hh^Fds      , Gs^Fds      , Gs^Fds      , Hh^Fds      , Hh^Fds      , Hh^Fds      , Hh          , Hh          , Hh^Fds      , Hh^Fds      , Hh^Fds      , Hh^Fds      , Gg          , Gs^Fds      , Gs^Fds      , Gs^Fds      , Gg          , Gs^Fds      , Gs^Fds      , Gs^Fds      , Gg          , Gs^Fds      , Gs^Fds      , Re          , Gs^Fds      , Gg          , Gg          , Re^Vct      , Re^Vct      , Ce          , Re^Vct      , Re^Vct      , Gs^Fds      , Gg          , Gg          , Gg          , Gg          , Gs^Fds      , Gs^Fms      , Gs^Fds      , Gs^Fms      , Gs^Fms      , Gs^Fp       , Gs^Fp       , Gs^Fms      , Gs^Fms      , Gs^Fds      , Gs^Fds      , Gs^Fds      , Gs^Fms      , Gs^Fp       , Gs^Fp       , Gs^Fp       
Gg          , Gg          , Gg          , Gg          , Gg          , Gg          , Gg          , Hh^Fds      , Hh^Fds      , Hh^Fds      , Gs^Fds      , Gs^Fds      , Gs^Fds      , Hh          , Gs^Fds      , Hh          , Hh          , Hh^Fds      , Hh^Fds      , Hh^Fds      , Hh^Fds      , Gg          , Gs^Fds      , Gs^Fds      , Gs^Fds      , Gg          , Gs^Fds      , Gs^Fds      , Gs^Fds      , Gg          , Gs^Fds      , Gs^Fds      , Re          , Gs^Fds      , Gg          , Gg          , Ce          , Ce          , 3 Ke        , Ce          , Ce          , Gs^Fds      , Gg          , Gg          , Gg          , Gg          , Gs^Fms      , Gs^Fds      , Gs^Fms      , Gs^Fms      , Gs^Fms      , Gs^Fp       , Gs^Fp       , Gs^Fp       , Gs^Fp       , Gs^Fp       , Gs^Fms      , Gs^Fms      , Gs^Fp       , Gs^Fp       , Gs^Fms      , Gg          
Gg          , Gg          , Gg          , Gg          , Gg          , Gg          , Gs^Fds      , Hh^Fds      , Hh^Fds      , Hh^Fds      , Hh^Fds      , Gg          , Gg          , Gg          , Gg          , Gg          , Gg          , Gg          , Gg          , Gg          , Gg          , Gg          , Gs^Fds      , Gg          , Gs^Fds      , Gg          , Gs^Fds      , Gg          , Gs^Fds      , Gg          , Gg          , Gg          , Re          , Gs^Fds      , Gs^Fds      , Gg          , Re^Vct      , Ce          , Ce          , Ce          , Re^Vct      , Gs^Fds      , Gg          , Gg          , Gg          , Gg          , Gs^Fms      , Gs^Fp       , Gs^Fp       , Gs^Fp       , Gs^Fms      , Gs^Fp       , Gs^Fp       , Gs^Fms      , Gs^Fms      , Gs^Fms      , Gs^Fp       , Gs^Fp       , Gs^Fds      , Gs^Fds      , Gs^Fds      , Gs^Fp       
Gg          , Gg          , Gg          , Gg          , Gs^Fds      , Gs^Fds      , Gs^Fds      , Gs^Fds      , Gs^Fds      , Hh^Fds      , Gs^Fds      , Gs^Fds      , Gg          , Gg          , Hh^Fds      , Gg          , Gg          , Gg          , Gs^Fds      , Gg          , Gg          , Gg          , Gs^Fds      , Gg          , Gs^Fds      , Gs^Fds      , Gs^Fds      , Gs^Fds      , Gs^Fds      , Gg          , Gg          , Gg          , Re          , Gs^Fds      , Gs^Fds      , Gs^Fds      , Gs^Fds      , Re^Vct      , Gg          , Re^Vct      , Gg          , Gg          , Gg          , Gg          , Gg          , Gg          , Gs^Fms      , Gs^Fms      , Gs^Fms      , Gs^Fds      , Gs^Fds      , Gs^Fds      , Gs^Fp       , Gs^Fms      , Gs^Fds      , Gs^Fms      , Gs^Fds      , Gs^Fp       , Gs^Fp       , Gs^Fp       , Hh^Fp       , Hh^Fp       
Gg          , Gg          , Gs^Fds      , Gs^Fds      , Gs^Fds      , Gs^Fds      , Gs^Fds      , Gs^Fds      , Gs^Fds      , Gs^Fds      , Gs^Fds      , Gs^Fds      , Gs^Fds      , Hh^Fds      , Hh^Fds      , Hh^Fds      , Gg          , Gg          , Gs^Fds      , Gs^Fds      , Gg          , Gs^Fds      , Gg          , Gs^Fds      , Gs^Fds      , Gs^Fds      , Gs^Fds      , Gs^Fds      , Gs^Fds      , Gg          , Gg          , Gg          , Re          , Gg          , Gs^Fds      , Gs^Fds      , Gs^Fds      , Gg          , Gg          , Gg          , Hh          , Hh          , Hh          , Gg          , Hh          , Gg^Vh       , Gg          , Gs^Fms      , Gs^Fms      , Gs^Fms      , Gs^Fp       , Gs^Fp       , Gs^Fms      , Gs^Fds      , Gs^Fds      , Gs^Fds      , Gs^Fds      , Gs^Fp       , Gs^Fp       , Hh^Fms      , Hh^Fms      , Hh^Fms      
Gg          , Gg          , Gs^Fds      , Gs^Fds      , Gs^Fds      , Gs^Fds      , Gs^Fds      , Gs^Fds      , Gs^Fds      , Gs^Fds      , Gg          , Gs^Fds      , Gs^Fds      , Hh^Fds      , Hh^Fds      , Hh^Fds      , Gg          , Gg          , Gg          , Gg          , Gg          , Gs^Fds      , Gs^Fds      , Gs^Fds      , Gs^Fds      , Gs^Fds      , Gg          , Gg          , Gs^Fds      , Gg          , Re          , Re          , Gg          , Gg          , Gs^Fds      , Gs^Fds      , Gs^Fds      , Gs^Fds      , Gg          , Gg          , Hh          , Hh          , Hh          , Hh          , Hh          , Gg          , Gg          , Gg          , Gg          , Gs^Fms      , Gs^Fp       , Gs^Fp       , Gs^Fp       , Gs^Fp       , Gg          , Gs^Fds      , Gs^Fp       , Gs^Fp       , Hh^Fms      , Hh^Fms      , Hh^Fds      , Hh^Fds      
Gg          , Gs^Fds      , Gg          , Gs^Fds      , Gs^Fds      , Hh^Fds      , Gg          , Gs^Fds      , Gs^Fds      , Gs^Fds      , Gs^Fds      , Gs^Fds      , Gs^Fds      , Hh^Fds      , Gs^Fds      , Gg          , Gg          , Gs^Fds      , Gg          , Gg          , Gs^Fds      , Gs^Fds      , Gs^Fds      , Gg          , Gs^Fds      , Gg          , Gs^Fds      , Gs^Fds      , Gg          , Gg          , Re          , Gg          , Gg          , Gg          , Gg          , Gg          , Gg          , Gs^Fds      , Gg          , Gg          , Gg          , Hh          , Hh          , Hh          , Hh          , Gg          , Gg          , Gg          , Gg          , Gs^Fms      , Gs^Fms      , Gs^Fp       , Gs^Fp       , Gg          , Gs^Fds      , Gg          , Gs^Fp       , Gs^Fp       , Hh^Fms      , Hh^Fms      , Hh^Fds      , Hh^Fds      
Gg          , Gg          , Gs^Fds      , Gg          , Gs^Fds      , Gs^Fds      , Gs^Fds      , Gs^Fds      , Gs^Fds      , Gs^Fds      , Gs^Fds      , Gs^Fds      , Gs^Fds      , Gs^Fds      , Gg          , Gg          , Gg          , Gg          , Gg          , Gs^Fds      , Gs^Fds      , Gs^Fds      , Gs^Fds      , Gg          , Gg          , Gg          , Gg          , Gg          , Gg          , Re          , Gg          , Gg          , Gg          , Gg          , Gg          , Gs^Fds      , Gg^Vh       , Gg          , Gs^Fds      , Gg          , Gg          , Hh          , Hh          , Hh          , Gg          , Hh          , Gg          , Gg          , Gg          , Gg          , Gs^Fms      , Gs^Fms      , Gs^Fp       , Gs^Fp       , Gs^Fds      , Gs^Fms      , Gs^Fds      , Gs^Fms      , Hh^Fms      , Hh^Fds      , Hh^Fds      , Hh^Fds      
Gg          , Gg          , Gs^Fds      , Gs^Fds      , Hh^Fms      , Gs^Fds      , Gs^Fds      , Gs^Fds      , Gs^Fds      , Gg          , Gs^Fds      , Gs^Fds      , Gs^Fds      , Gs^Fds      , Gg          , Gs^Fds      , Gg          , Gg          , Gg          , Gs^Fds      , Gs^Fds      , Gs^Fds      , Hh          , Hh          , Gs^Fds      , Gg          , Gg          , Gg          , Gg          , Re          , Gg          , Gg          , Gg          , Gg          , Gg          , Gg          , Gg          , Gs^Fds      , Gg          , Gg          , Gg          , Gg          , Gg          , Gg          , Gs^Fds      , Gg          , Gs^Fds      , Gg          , Gg          , Gg          , Gg          , Gs^Fms      , Gs^Fms      , Gs^Fp       , Gs^Fp       , Gs^Fds      , Gs^Fms      , Gs^Fms      , Hh^Fp       , Hh^Fds      , Hh          , Hh^Fds      
Gs^Fds      , Gs^Fds      , Gs^Fds      , Hh^Fms      , Hh^Fms      , Hh^Fms      , Gs^Fds      , Gs^Fds      , Gs^Fds      , Gg          , Gs^Fds      , Gs^Fds      , Gg          , Gg          , Gs^Fds      , Gs^Fds      , Gs^Fds      , Gg          , Gg          , Gs^Fds      , Hh          , Gs^Fds      , Hh          , Hh          , Gs^Fds      , Gs^Fds      , Gg          , Gg          , Gg          , Re          , Re          , Gg          , Gg          , Gg          , Gg          , Gg          , Gg          , Gg          , Gg          , Gs^Fds      , Gs^Fds      , Gg          , Gg          , Gg          , Gs^Fds      , Gs^Fds      , Gs^Fds      , Gs^Fds      , Gs^Fds      , Gg          , Gg          , Gs^Fms      , Gs^Fms      , Gs^Fms      , Gs^Fp       , Gs^Fp       , Gs^Fp       , Gs^Fp       , Hh^Fp       , Hh^Fms      , Hh          , Hh          
Gs^Fds      , Gs^Fds      , Gs^Fds      , Gs^Fds      , Gs^Fds      , Gs^Fds      , Gs^Fds      , Gs^Fds      , Gs^Fds      , Gs^Fds      , Gs^Fds      , Gs^Fds      , Gg          , Gg          , Gs^Fds      , Gs^Fds      , Gs^Fds      , Hh          , Gg          , Gg          , Gg          , Hh          , Gg          , Gs^Fds      , Gs^Fds      , Gs^Fds      , Gs^Fds      , Gg          , Gg          , Gg          , Re          , Gg          , Gg          , Gg          , Gg          , Gg          , Gg          , Gg          , Gs^Fds      , Gs^Fds      , Gs^Fds      , Gg          , Gg          , Gg          , Gs^Fds      , Ww          , Gs^Fds      , Gs^Fds      , Ss          , Gg          , Ss          , Gs^Vht      , Gs^Fms      , Gs^Fms      , Gs^Fms      , Gs^Fp       , Gs^Fp       , Gs^Fp       , Hh^Fp       , Hh^Fms      , Hh^Fms      , Hh^Fds      
Hh^Fds      , Gs^Fds      , Gs^Fds      , Gs^Fds      , Gs^Fds      , Gs^Fds      , Hh^Fds      , Hh^Fds      , Hh^Fds      , Gs^Fds      , Gs^Fds      , Gg          , Gg          , Gg          , Gg          , Gs^Fds      , Hh          , Hh          , Gg          , Gg          , Gg          , Gg          , Gg          , Gs^Fds      , Gg          , Gs^Fds      , Gs^Fds      , Gs^Fds      , Gg          , Gg          , Gg          , Re          , Gg          , Gg          , Hh          , Hh          , Hh          , Gg          , Gs^Fds      , Gs^Fds      , Gs^Fds      , Gs^Fds      , Gs^Fds      , Ss          , Ss          , Gs^Fds      , Gs^Fds      , Ss          , Ss          , Ss          , Ww          , Ss          , Gs^Fms      , Gs^Fms      , Gs^Fp       , Gs^Fms      , Gs^Fp       , Hh^Fp       , Hh^Fp       , Hh^Fp       , Hh^Fms      , Hh^Fds      
