border_size=1
usage=map

Gs^Fds      , Gs^Fds      , Gs^Fds      , Gg          , Gg          , Gg          , Gg          , Gs^Fds      , Gs^Fds      , Gs^Fds      , Gs^Fds      , Gg          , Gg          , Gg          , Gg          , Gg          , Gg          , Rd          , Gg          , Gg          , Gg          , Gs          , Re^Gvs      , Re^Gvs      , Rd          , Re          , Re          , Re          , Re^Gvs      , Re          , Re^Gvs      , Gg          , Re^Gvs      , Rd          , Rd          
Gs^Fp       , Gs^Fms      , Gs^Fds      , Gg          , Gg          , Gg          , Gg          , Gg          , Gs^Fds      , Gs^Fds      , Gs^Fds      , Gg          , Gg          , Gg          , Gg          , Gg          , Gg          , Rd          , Gg          , Gg          , Gg          , Gg          , Gg          , Rd          , Re          , Re^Gvs      , Re          , Re^Gvs      , Re^Gvs      , Re^Gvs      , Re^Gvs      , Re^Gvs      , Re^Gvs      , Re^Gvs      , Re^Gvs      
Gs^Fds      , Gs^Fms      , Gs^Fds      , Gs^Fds      , Gg          , Gg          , Gg          , Gg          , Gg          , Gs^Fds      , Gg          , Gg          , Gg          , Gs^Fds      , Gg          , Gg          , Re          , Rd          , Gg          , Gg          , Re          , Gg          , Gg          , Rd          , Re          , Re^Gvs      , Re^Gvs      , Re^Gvs      , Rd          , Re^Gvs      , Rd          , Rd          , Re^Gvs      , Re^Gvs      , Re^Gvs      
Gs^Fds      , Gs^Fds      , Gs^Fds      , Gs^Fds      , Gg          , Re^Gvs      , Re^Gvs      , Re^Gvs      , Re^Gvs      , Gg          , Gg          , Gg          , Gg          , Gg          , Ce          , Re^Vct      , Ce          , Ce          , Ce          , Re^Vct      , Ce          , Re          , Gg          , Re          , Re^Gvs      , Re^Gvs      , Re          , Rd          , Re^Gvs      , Rd          , Re          , Re^Gvs      , Re^Gvs      , Re^Gvs      , Re^Gvs      
Gg          , Gg          , Gg          , Gg          , Gg          , Re          , Re^Gvs      , Re^Gvs      , Re^Gvs      , Gg          , Gg          , Gg          , Gg          , Re^Vct      , Ce          , Ce          , Ce          , 2 Ke        , Ce          , Ce          , Ce          , Re^Vct      , Re          , Gg          , Re^Gvs      , Re^Gvs      , Re          , Re^Gvs      , Re^Gvs      , Rd          , Re          , Re          , Re^Gvs      , Re          , Re          
Gg          , Gg          , Gg          , Gg          , Gs^Fds      , Re^Gvs      , Re^Gvs      , Re          , Re          , Re^Gvs      , Gg          , Gg          , Gg          , Gg          , Re          , Re^Vct      , Rd          , Ce          , Re          , Re^Vct      , Gg          , Re          , Gg          , Gg          , Gg          , Re^Gvs      , Re^Gvs      , Re^Gvs      , Re^Gvs      , Rd          , Rd          , Re          , Re^Gvs      , Re^Gvs      , Re^Gvs      
Gg          , Gg          , Gg          , Gs^Fds      , Gs^Fms      , Gs^Fds      , Re^Gvs      , Rd          , Re          , Rd          , Gg          , Gg          , Gg          , Gg          , Gg          , Re          , Rd          , Re          , Gg          , Gg          , Gg          , Gg          , Gg          , Gg          , Gg          , Gg          , Re^Gvs      , Re^Gvs      , Re^Gvs      , Re          , Re^Gvs      , Re^Gvs      , Rd          , Re^Gvs      , Re          
Gg          , Gg          , Ggf         , Gs^Fds      , Gs^Fds      , Gs^Fds      , Rd          , Re^Gvs      , Re^Gvs      , Re^Gvs      , Gg          , Gg          , Gg          , Gg          , Gg          , Gg          , Rd          , Gg          , Gg          , Gg          , Gg          , Gg          , Gg          , Gg          , Gg          , Gg          , Re^Gvs      , Re          , Rd          , Re^Gvs      , Re^Gvs      , Re^Gvs      , Re^Gvs      , Re^Gvs      , Re          
Gg          , Gg          , Gs^Fds      , Ggf         , Gg          , Re^Gvs      , Gg          , Re^Gvs      , Gg          , Gg          , Gg          , Gg          , Gg          , Gg          , Gg          , Gg          , Gg          , Rd          , Rd          , Gg          , Rd          , Gg          , Gg          , Gg^Vh       , Gg          , Gg          , Gg          , Re^Gvs      , Re^Gvs      , Re^Gvs      , Re^Gvs      , Re^Gvs      , Rd          , Re          , Re^Gvs      
Gg          , Gg          , Gg          , Gg          , Gs^Fds      , Gg          , Gg          , Gg          , Gg          , Gg          , Gg          , Gg          , Gg          , Gg^Vh       , Gg          , Gg          , Gg          , Gg          , Gg          , Rd          , Gg          , Rd          , Rd          , Re^Gvs      , Re^Gvs      , Gg          , Gg          , Re^Gvs      , Re^Gvs      , Re          , Re^Gvs      , Re^Gvs      , Rd          , Gg          , Re          
Gg          , Gg          , Gg          , Gs^Fds      , Gs^Fds      , Gs^Fds      , Gg          , Gg          , Gg          , Gg          , Gg          , Gg          , Gg          , Gg          , Gg          , Gg          , Ggf         , Gg          , Gg          , Gg          , Gg          , Gg          , Gg          , Rd          , Re^Gvs      , Gg^Vh       , Gg          , Gg          , Re^Gvs      , Re^Gvs      , Re^Gvs      , Re^Gvs      , Rd          , Re^Gvs      , Re^Gvs      
Gg          , Gg          , Gg          , Gg          , Gg          , Gg          , Gg          , Gg          , Gg          , Gg          , Gg          , Gg          , Gg^Vh       , Gg          , Gg          , Gg          , Gg          , Gg          , Gg          , Gg          , Gg^Vh       , Gg          , Gg          , Rd          , Gg          , Gg          , Gg          , Re^Gvs      , Re^Gvs      , Re^Gvs      , Rd          , Rd          , Re^Gvs      , Re^Gvs      , Re^Gvs      
Gg          , Gg          , Gg          , Gg          , Gg          , Gg          , Gg          , Gg          , Re^Gvs      , Re^Gvs      , Ggf         , Gg          , Gg          , Gg          , Gg          , Gg          , Gg          , Gg          , Gg          , Gg          , Gg          , Gg          , Gg          , Rd          , Gg          , Gg          , Re^Gvs      , Re^Gvs      , Re^Gvs      , Re^Gvs      , Re^Gvs      , Re^Gvs      , Re^Gvs      , Re^Gvs      , Re          
Gg          , Gg          , Gg          , Gg          , Gg          , Gg          , Gg          , Re^Gvs      , Re          , Re^Gvs      , Re^Gvs      , Gg          , Gg          , Gg          , Gg          , Gg          , Gg          , Gg          , Gg^Vh       , Gg          , Gg          , Gg^Vh       , Gg          , Rd          , Gg          , Gg          , Re          , Re^Gvs      , Re^Gvs      , Re^Gvs      , Re          , Re          , Re^Gvs      , Re^Gvs      , Re          
Gg          , Gg          , Gg          , Gg          , Gg          , Gg          , Gg          , Re^Gvs      , Re^Gvs      , Re          , Re^Gvs      , Gg          , Gg          , Gg          , Gg          , Gg          , Rd          , Gg          , Rd          , Gg          , Gg          , Gg          , Rd          , Rd          , Gg          , Re^Gvs      , Re          , Re          , Re^Gvs      , Re          , Re^Gvs      , Re          , Re^Gvs      , Re^Gvs      , Re^Gvs      
Gg          , Gg          , Gg          , Gg          , Re^Gvs      , Gg          , Gg^Vh       , Gg          , Gg          , Re^Gvs      , Gg          , Gg          , Gg          , Gg          , Rd          , Rd          , Gg          , Rd          , Gg          , Rd          , Rd          , Rd          , Gg          , Gg          , Rd          , Re^Gvs      , Re          , Re          , Re^Gvs      , Re^Gvs      , Rd          , Re^Gvs      , Re^Gvs      , Re          , Re^Gvs      
Gg          , Gg          , Gg          , Re^Gvs      , Re^Gvs      , Gg          , Re          , Gg          , Gg          , Gg          , Gg          , Gg          , Gg          , Gg          , Rd          , Gg^Vh       , Gg          , Gg          , Gg          , Gg          , Gg          , Gg          , Rd          , Re^Gvs      , Rd          , Rd          , Re^Gvs      , Re          , Rd          , Rd          , Re^Gvs      , Rd          , Re^Gvs      , Ggf         , Re^Gvs      
Gg          , Gg          , Gg          , Re^Gvs      , Re^Gvs      , Re^Gvs      , Re^Gvs      , Re^Gvs      , Re          , Gg          , Gg          , Gg          , Gg          , Gg          , Rd          , Gg          , Re^Gvs      , Re^Gvs      , Re^Gvs      , Re^Gvs      , Re^Gvs      , Re^Gvs      , Re^Gvs      , Rd          , Re          , Re          , Re^Gvs      , Re          , Re^Gvs      , Re^Gvs      , Re^Gvs      , Re^Gvs      , Re^Gvs      , Re^Gvs      , Re^Gvs      
Gg          , Gg          , Gg          , Gg          , Gg          , Re          , Gg          , Re^Gvs      , Gg          , Gg          , Gg          , Gg          , Gg          , Gg          , Rd          , Gg          , Re^Gvs      , Gg          , Re          , Re          , Rd          , Re^Gvs      , Re^Gvs      , Re^Gvs      , Re^Gvs      , Rd          , Re^Gvs      , Re^Gvs      , Re^Gvs      , Re^Gvs      , Re^Gvs      , Re^Gvs      , Re^Gvs      , Re^Gvs      , Re^Gvs      
Gg          , Gg          , Gg          , Gg          , Gg          , Gg          , Hh          , Gg          , Gg          , Gg          , Gg          , Gg          , Rd          , Rd          , Gg          , Gg          , Re^Gvs      , Re^Gvs      , Re          , Re          , Re          , Rd          , Re^Gvs      , Re^Gvs      , Re          , Rd          , Rd          , Re^Gvs      , Re^Gvs      , Re^Gvs      , Re^Gvs      , Gg          , Rd          , Rd          , Re^Gvs      
Gg          , Gg          , Gg          , Gg          , Hh          , Hh          , Mm          , Hh          , Gg          , Gg          , Gg          , Rd          , Gg          , Gg          , Re          , Re^Gvs      , Re^Gvs      , Rd          , Re^Gvs      , Re^Gvs      , Rd          , Re          , Re^Gvs      , Re^Gvs      , Re^Gvs      , Re^Gvs      , Re^Gvs      , Re          , Re^Gvs      , Re^Gvs      , Re^Gvs      , Rd          , Rd          , Re^Gvs      , Re^Gvs      
Gg          , Gg          , Gg          , Hh          , Mm          , Mm          , Mm          , Mm          , Mm          , Hh          , Hh          , Rd          , Gg          , Gg          , Re          , Rd          , Re^Gvs      , Re          , Re          , Re          , Re          , Re^Gvs      , Re^Gvs      , Rd          , Re          , Re          , Re^Gvs      , Rd          , Rd          , Re^Gvs      , Re^Gvs      , Rd          , Rd          , Re^Gvs      , Re^Gvs      
Gg          , Gg          , Gg          , Hh          , Mm          , Mm          , Mm          , Mm          , Mm          , Mm          , Hh          , Rd          , Rd          , Gg          , Gg          , Re^Gvs      , Re^Gvs      , Re^Gvs      , Re^Gvs      , Re^Gvs      , Re^Gvs      , Gg          , Re^Gvs      , Re^Gvs      , Rd          , Re          , Re          , Rd          , Re          , Re          , Re^Gvs      , Rd          , Re          , Rd          , Rd          
Gg          , Gg          , Gg          , Gg          , Hh^Fdw      , Mm          , Mm          , Mm          , Mm          , Mm          , Gg          , Gg          , Gg          , Rd          , Rd          , Gg          , Gg          , Re          , Re          , Re          , Re          , Re^Gvs      , Re          , Rd          , Re^Gvs      , Re^Gvs      , Re          , Rd          , Re^Gvs      , Re^Gvs      , Re^Gvs      , Rd          , Re^Gvs      , Re^Gvs      , Re^Gvs      
Gg          , Gg          , Gg          , Gg          , Gg          , Hh          , Hh          , Mm          , Mm          , Hh          , Gg          , Gg          , Gg          , Gg          , Gg          , Rd          , Gg          , Re^Gvs      , Re^Gvs      , Re          , Re^Gvs      , Re          , Re^Gvs      , Rd          , Re^Gvs      , Gg          , Re          , Re^Gvs      , Re^Gvs      , Re^Gvs      , Rd          , Rd          , Re^Gvs      , Re^Gvs      , Re^Gvs      
Gg          , Gg          , Gg          , Gg          , Mm          , Mm          , Mm          , Hh^Fdw      , Hh          , Hh          , Gg          , Gg          , Gg          , Gg          , Gg          , Rd          , Gg          , Gg          , Gg          , Gg^Vh       , Gg          , Re^Gvs      , Gg          , Gg          , Gg          , Ggf         , Rd          , Re          , Rd          , Rd          , Re          , Re^Gvs      , Re^Gvs      , Re^Gvs      , Re^Gvs      
Gg          , Gg          , Gg          , Hh          , Mm          , Mm          , Mm          , Mm          , Gg          , Gg          , Gg          , Gg          , Gg          , Gg          , Gg          , Rd          , Gg          , Gg          , Gg          , Gg          , Rd          , Gg          , Gg          , Gg          , Gg          , Gg          , Gg          , Re          , Re^Gvs      , Re^Gvs      , Re^Gvs      , Re          , Re^Gvs      , Re          , Rd          
Gg          , Gg          , Gg          , Gg          , Hh          , Mm          , Mm          , Mm          , Gg          , Gg          , Gg          , Gg          , Gg          , Gg          , Gg^Vh       , Rd          , Rd          , Gg          , Rd          , Rd          , Gg          , Rd          , Rd          , Gg          , Gg          , Gg          , Gg          , Gg          , Gg          , Re^Gvs      , Re^Gvs      , Re^Gvs      , Gg          , Rd          , Re^Gvs      
Gg          , Gg          , Gg          , Gg          , Gg          , Hh          , Gg          , Gg          , Gg          , Gg          , Gg          , Gg          , Gg          , Gg          , Gg          , Gg          , Gg          , Rd          , Gg          , Gg          , Gg^Vh       , Gg          , Rd          , Gg          , Gg          , Gg          , Gg          , Gg          , Gg          , Gg          , Gg          , Gg          , Gg          , Gg          , Gg          
Gg          , Gg          , Gg          , Gg          , Gg          , Gg          , Gg          , Gg          , Gg          , Gg          , Gg          , Gg          , Gg          , Gg          , Gg          , Gg          , Gg          , Gg          , Gg          , Gg          , Gg          , Gg          , Rd          , Gg          , Gg          , Gg          , Gg          , Gg          , Gg          , Gs^Fp       , Gs^Fp       , Gs^Fp       , Gs^Fp       , Gg          , Gg          
Gg          , Gg          , Gg          , Gg          , Gg          , Gg          , Gg          , Gg          , Re          , Re^Gvs      , Re^Gvs      , Re^Gvs      , Ggf         , Gg          , Gg          , Gg          , Gg          , Gg          , Gg          , Gg          , Gg          , Gg          , Gg          , Rd          , Rd          , Rd          , Rd          , Gg          , Gg          , Gs^Fp       , Gs^Fms      , Gs^Fms      , Gs^Fms      , Gs^Fp       , Gg          
Gg          , Gg          , Gg          , Gg          , Gg          , Gg          , Gg          , Gg          , Re^Gvs      , Re          , Re^Gvs      , Re          , Re          , Ggf         , Gg          , Gg          , Gg          , Ggf         , Gg          , Gg          , Gs          , Gg          , Gg          , Gg          , Gg          , Gg^Vh       , Rd          , Gg          , Gg          , Gs^Fp       , Gs^Fp       , Gg^Fet      , Gs^Fp       , Gs^Fp       , Gg          
Gg          , Gg          , Gg          , Gg          , Gg          , Gg          , Gg          , Gg          , Re^Gvs      , Re^Gvs      , Re^Gvs      , Re^Gvs      , Re          , Gg          , Gg          , Gg          , Gg^Vh       , Gg          , Gg          , Gs          , Gs          , Gs          , Gg          , Gg          , Gg          , Rd          , Gg          , Gg          , Gg          , Gg          , Gg          , Gs^Fp       , Gg          , Gg          , Gg          
Gs^Fds      , Gg          , Gg          , Gg          , Gg          , Gg          , Gg          , Gg          , Gg          , Re^Gvs      , Gg          , Re^Gvs      , Gg          , Gg          , Gg          , Gg          , Gg          , Gg          , Gs          , Gs          , Gs          , Ggf         , Gg          , Gg          , Gg          , Rd          , Gg          , Gg          , Gg          , Gg          , Ggf         , Gg          , Gg          , Gg          , Gg          
Gs^Fms      , Gs^Fms      , Gs^Fms      , Gs^Fds      , Gs^Fds      , Gg          , Gg          , Gg          , Gg          , Gg          , Gg          , Gg          , Gg^Vh       , Gg          , Gg          , Gg          , Gg          , Gg          , Gg          , Gs          , Gg          , Gg          , Gg          , Gg          , Rd          , Rd          , Gg          , Gg          , Gg          , Gg          , Gg          , Gg          , Gg          , Ggf         , Gg          
Ss          , Gs^Fp       , Gs^Fms      , Gs^Fms      , Gs^Fms      , Gs^Fds      , Gs^Fms      , Gg          , Gg          , Gg          , Gg          , Gg          , Gg          , Gg          , Gg          , Gg          , Gg          , Gg          , Gg          , Gg          , Ggf         , Ggf         , Rd          , Rd          , Gg          , Gg          , Gg          , Gg          , Gs          , Gg          , Gs          , Gs          , Gs          , Gg          , Gg          
Ss          , Ss          , Gs^Fms      , Gs^Fp       , Gs^Fms      , Gs^Fds      , Gs^Fds      , Gg          , Gg          , Gg          , Gg          , Gg          , Gg          , Gg          , Gg          , Gg          , Gg          , Gg          , Gg          , Gg          , Rd          , Rd          , Gg          , Gg          , Gg          , Gg          , Gg          , Gs          , Gs          , Gs          , Gs          , Gs          , Gg          , Gg          , Gs          
Gs^Fp       , Ss          , Ss          , Gs^Fp       , Gs^Fms      , Gs^Fds      , Gs^Fds      , Gg          , Gg          , Gg          , Gg          , Gg          , Gs          , Gs          , Gg          , Gs          , Gs          , Gg          , Gg          , Rd          , Gg          , Gg          , Gg          , Gs          , Gg          , Gs          , Gs          , Gs          , Gs          , Gs          , Gs          , Gs          , Gs          , Gs          , Gs          
Ss          , Ss          , Gs^Fds      , Gs^Fms      , Gs^Fds      , Gs^Fds      , Gg          , Gg          , Gg          , Gs          , Gg          , Gs          , Gs          , Gs          , Gs          , Gs          , Ce          , Ce          , Ce          , Rd          , Gg          , Gg          , Gg          , Gg          , Gs          , Gs          , Gs          , Gs          , Gs          , Gs          , Gs          , Gs          , Gs          , Gs          , Gs          
Gs^Fp       , Gs^Fp       , Gs^Fds      , Gs^Fds      , Gs^Fms      , Gs^Fms      , Gg          , Gs^Fp       , Gg          , Gg          , Gg          , Gs          , Gs          , Gs          , Gs          , Ce          , Ce          , 1 Ke        , Ce          , Ce          , Gs          , Gs          , Gg          , Gs          , Gs          , Gs          , Gs          , Gg          , Gs          , Gs          , Gs          , Gs          , Gg          , Gs          , Gs          
Gs^Fds      , Gs^Fds      , Gs^Fds      , Gs^Fds      , Gg          , Gg          , Gg          , Gg          , Gg          , Gg          , Gs          , Gg          , Gs          , Gs          , Gs          , Gs          , Gs          , Ce          , Rd          , Gs          , Gs          , Gg          , Gs          , Gs          , Gs          , Gs          , Gs          , Gs          , Gs          , Gs          , Gs          , Gs          , Gs          , Gg          , Gs          
Gs^Fms      , Gs^Fms      , Gs^Fms      , Gg          , Gs          , Gg          , Gg          , Gg          , Gg          , Gg          , Gs          , Gs          , Gs          , Gs          , Gg          , Gs          , Gs          , Gs          , Rd          , Gs          , Gs          , Gs          , Gs          , Gs          , Gs          , Gg          , Gs          , Gs          , Gs          , Gs          , Gg          , Gs          , Gs          , Gs          , Gs          
Gs^Fp       , Gs^Fp       , Gg          , Gs          , Gs          , Gg          , Gg          , Gs          , Gg          , Gs          , Gs          , Gs          , Gs          , Gs          , Gg          , Gg          , Gs          , Gs          , Rd          , Gs          , Gs          , Gs          , Gg          , Gg          , Gg          , Gs          , Gs          , Gs          , Gs          , Gs          , Gg          , Gs          , Gs          , Gs          , Gs          
